WARNING: We recommend using a newer Android Gradle plugin to use compileSdk = 36

This Android Gradle plugin (8.5.0) was tested up to compileSdk = 34.

You are strongly encouraged to update your project to use a newer
Android Gradle plugin that has been tested with compileSdk = 36.

If you are already using the latest version of the Android Gradle plugin,
you may need to wait until a newer version with support for compileSdk = 36 is available.

For more information refer to the compatibility table:
https://d.android.com/r/tools/api-level-support

To suppress this warning, add/update
    android.suppressUnsupportedCompileSdk=36
to this project's gradle.properties.
> Task :app:preBuild UP-TO-DATE
> Task :app:preDebugBuild UP-TO-DATE
> Task :app:mergeDebugNativeDebugMetadata NO-SOURCE
> Task :app:generateDebugResValues UP-TO-DATE
> Task :app:mapDebugSourceSetPaths UP-TO-DATE
> Task :app:generateDebugResources UP-TO-DATE
> Task :app:mergeDebugResources UP-TO-DATE
> Task :app:packageDebugResources UP-TO-DATE
> Task :app:checkDebugAarMetadata FAILED
> Task :app:parseDebugLocalResources UP-TO-DATE
.\gradlew : 
At line:1 char:1
+ .\gradlew 
assembleDebug 
--console=plain > 
build_error.log 2>&1
+ ~~~~~~~~~~~~~~~~~~~~
~~~~~~~~~~~~~~~~~~~~~~
~~~~~~~~~~~~~~~~~~~~
    + CategoryInfo    
          : NotSpeci  
  fied: (:String) [   
 ], RemoteExceptio    
n
    + FullyQualifiedE 
   rrorId : NativeCo  
  mmandError
 
FAILURE: Build failed 
with an exception.

* What went wrong:
Execution failed for 
task ':app:checkDebugA
arMetadata'.
> A failure occurred 
while executing com.an
droid.build.gradle.int
ernal.tasks.CheckAarMe
tadataWorkAction
   > 18 issues were 
found when checking 
AAR metadata:
     
       1.  Dependency 
'androidx.navigationev
ent:navigationevent-an
droid:1.0.2' requires 
Android Gradle plugin 
8.9.1 or higher.
     
           This build 
currently uses 
Android Gradle plugin 
8.5.0.
     
       2.  Dependency 
'androidx.navigationev
ent:navigationevent-co
mpose-android:1.0.2' 
requires Android 
Gradle plugin 8.9.1 
or higher.
     
           This build 
currently uses 
Android Gradle plugin 
8.5.0.
     
       3.  Dependency 
'androidx.compose.ui:u
i-tooling-data-android
:1.9.2' requires 
Android Gradle plugin 
8.6.0 or higher.
     
           This build 
currently uses 
Android Gradle plugin 
8.5.0.
     
       4.  Dependency 
'androidx.compose.foun
dation:foundation-layo
ut-android:1.9.2' 
requires Android 
Gradle plugin 8.6.0 
or higher.
     
           This build 
currently uses 
Android Gradle plugin 
8.5.0.
     
       5.  Dependency 
'androidx.compose.foun
dation:foundation-andr
oid:1.9.2' requires 
Android Gradle plugin 
8.6.0 or higher.
     
           This build 
currently uses 
Android Gradle plugin 
8.5.0.
     
       6.  Dependency 
'androidx.compose.anim
ation:animation-androi
d:1.9.2' requires 
Android Gradle plugin 
8.6.0 or higher.
     
           This build 
currently uses 
Android Gradle plugin 
8.5.0.
     
       7.  Dependency 
'androidx.compose.anim
ation:animation-core-a
ndroid:1.9.2' 
requires Android 
Gradle plugin 8.6.0 
or higher.
     
           This build 
currently uses 
Android Gradle plugin 
8.5.0.
     
       8.  Dependency 
'androidx.compose.ui:u
i-text-android:1.9.2' 
requires Android 
Gradle plugin 8.6.0 
or higher.
     
           This build 
currently uses 
Android Gradle plugin 
8.5.0.
     
       9.  Dependency 
'androidx.compose.ui:u
i-graphics-android:1.9
.2' requires Android 
Gradle plugin 8.6.0 
or higher.
     
           This build 
currently uses 
Android Gradle plugin 
8.5.0.
     
      10.  Dependency 
'androidx.compose.ui:u
i-tooling-android:1.9.
2' requires Android 
Gradle plugin 8.6.0 
or higher.
     
           This build 
currently uses 
Android Gradle plugin 
8.5.0.
     
      11.  Dependency 
'androidx.compose.ui:u
i-android:1.9.2' 
requires Android 
Gradle plugin 8.6.0 
or higher.
     
           This build 
currently uses 
Android Gradle plugin 
8.5.0.
     
      12.  Dependency 
'androidx.activity:act
ivity-ktx:1.12.3' 
requires Android 
Gradle plugin 8.9.1 
or higher.
     
           This build 
currently uses 
Android Gradle plugin 
8.5.0.
     
      13.  Dependency 
'androidx.activity:act
ivity:1.12.3' 
requires Android 
Gradle plugin 8.9.1 
or higher.
     
           This build 
currently uses 
Android Gradle plugin 
8.5.0.
     
      14.  Dependency 
'androidx.activity:act
ivity-compose:1.12.3' 
requires Android 
Gradle plugin 8.9.1 
or higher.
     
           This build 
currently uses 
Android Gradle plugin 
8.5.0.
     
      15.  Dependency 
'androidx.core:core:1.
16.0' requires 
Android Gradle plugin 
8.6.0 or higher.
     
           This build 
currently uses 
Android Gradle plugin 
8.5.0.
     
      16.  Dependency 
'androidx.compose.runt
ime:runtime-saveable-a
ndroid:1.9.2' 
requires Android 
Gradle plugin 8.6.0 
or higher.
     
           This build 
currently uses 
Android Gradle plugin 
8.5.0.
     
      17.  Dependency 
'androidx.lifecycle:li
fecycle-runtime-compos
e-android:2.9.4' 
requires Android 
Gradle plugin 8.6.0 
or higher.
     
           This build 
currently uses 
Android Gradle plugin 
8.5.0.
     
      18.  Dependency 
'androidx.core:core-kt
x:1.16.0' requires 
Android Gradle plugin 
8.6.0 or higher.
     
           This build 
currently uses 
Android Gradle plugin 
8.5.0.

* Try:
> Run with 
--stacktrace option 
to get the stack 
trace.
> Run with --info or 
--debug option to get 
more log output.
> Run with --scan to 
get full insights.
> Get more help at htt
ps://help.gradle.org.

Deprecated Gradle features were used in this build, making it incompatible with Gradle 9.0.

You can use '--warning-mode all' to show the individual deprecation warnings and determine if they come from your own scripts or plugins.

For more on this, please refer to https://docs.gradle.org/8.7/userguide/command_line_interface.html#sec:command_line_warnings in the Gradle documentation.

BUILD FAILED in 1s
7 actionable tasks: 1 executed, 6 up-to-date
